
Discarded input sections

 .bss           0x00000000        0x0 riscv_rand_instr_test_0.o
 .text          0x00000000        0x0 startup.o
 .data          0x00000000        0x0 startup.o
 .bss           0x00000000        0x0 startup.o
 .text.metal.init.enter
                0x00000000        0x4 startup.o
 .text._setup_sp_gp
                0x00000000       0x14 startup.o
 .text._Exit    0x00000000        0x6 startup.o
 .comment       0x00000000       0x1c startup.o
 .riscv.attributes
                0x00000000       0x33 startup.o

Memory Configuration

Name             Origin             Length             Attributes
*default*        0x00000000         0xffffffff

Linker script and memory map

LOAD riscv_rand_instr_test_0.o
LOAD startup.o
                0x80000000                        . = 0x80000000

.text           0x80000000     0xfb6c
 *(.text)
 .text          0x80000000     0xfb6c riscv_rand_instr_test_0.o
                0x80000000                _start
                0x80010000                        . = ALIGN (0x1000)

.tohost
 *(.tohost)
                0x80010000                        . = ALIGN (0x1000)

.page_table
 *(.page_table)

.data           0x80010000       0x48
 *(.data)
 .data          0x80010000       0x48 riscv_rand_instr_test_0.o
                0x80010000                tohost
                0x80010040                fromhost

.region_0       0x80010048     0x1000
 .region_0      0x80010048     0x1000 riscv_rand_instr_test_0.o

.region_1       0x80011048    0x10000
 .region_1      0x80011048    0x10000 riscv_rand_instr_test_0.o

.user_stack     0x80021048     0x4e20
 *(.user_stack)
 .user_stack    0x80021048     0x4e20 riscv_rand_instr_test_0.o

.kernel_data
 *(.kernel_data)

.kernel_stack   0x80025e68     0x3e80
 *(.kernel_stack)
 .kernel_stack  0x80025e68     0x3e80 riscv_rand_instr_test_0.o

.bss
 *(.bss)
                0x80029ce8                        _end = .
OUTPUT(test.elf elf32-littleriscv)

.riscv.attributes
                0x00000000       0x33
 .riscv.attributes
                0x00000000       0x31 riscv_rand_instr_test_0.o
